// Jest Snapshot v1, https://goo.gl/fbAQLP

exports[`codegen element 1`] = `
"import { createElementBlock as _createElementBlock } from "vue"
export function render(_ctx, _cache, $props, $setup, $data, $options){return _createElementBlock('div')}"
`;

exports[`codegen element-string-interpolation 1`] = `
"import { toDisplayString as _toDisplayString, createElementBlock as _createElementBlock } from "vue"
export function render(_ctx, _cache, $props, $setup, $data, $options){return _createElementBlock('div', null, 'hi,' + _toDisplayString(_ctx.message))}"
`;

exports[`codegen interpolation 1`] = `
"import { toDisplayString as _toDisplayString } from "vue"
export function render(_ctx, _cache, $props, $setup, $data, $options){return _toDisplayString(_ctx.message)}"
`;

exports[`codegen string 1`] = `
"
export function render(_ctx, _cache, $props, $setup, $data, $options){return 'hi'}"
`;
